
> ticket-booking@0.1.0 build
> next build

Γû▓ Next.js 16.1.1 (Turbopack)

  Creating an optimized production build ...
Γ£ô Compiled successfully in 1612.5ms
  Running TypeScript ...
node.exe : Failed to compile.
At line:1 char:1
+ & "C:\Program Files\nodejs/node.exe" 
"C:\Program Files\nodejs/node_mo ...
+ ~~~~~~~~~~~~~~~~~~~~~~~~~~~~~~~~~~~~~~~~~
~~~~~~~~~~~~~~~~~~~~~~~~~~~~
    + CategoryInfo          : NotSpecified 
   : (Failed to compile.:String) [], Remo  
  teException
    + FullyQualifiedErrorId : NativeComman 
   dError
 

./app/ritual-timings/page.tsx:128:48
Type error: Cannot find name 'cn'.

[0m [90m 126 |[39m                      
           [33m<[39m[33mButton[39m
 [90m 127 |[39m                          
           
variant[33m=[39m[32m"outline"[39m
[31m[1m>[22m[39m[90m 128 |[39m       
                              
className[33m=[39m{cn(
 [90m     |[39m                          
                      [31m[1m^[22m[39m
 [90m 129 |[39m                          
               [32m"flex items-center 
gap-2 border-gray-200 bg-surface-light 
font-semibold hover:bg-gray-50 
dark:border-gray-700 dark:bg-surface-dark 
dark:hover:bg-gray-800"[39m[33m,[39m
 [90m 130 |[39m                          
               [33m![39mselectedDate 
[33m&&[39m 
[32m"text-muted-foreground"[39m
 [90m 131 |[39m                          
           )}[0m
Next.js build worker exited with code: 1 
and signal: null
